// Jest Snapshot v1, https://goo.gl/fbAQLP

exports[`BusStop renders bus details properly as per the snapshot 1`] = `
<View
  style={
    Object {
      "backgroundColor": undefined,
    }
  }
>
  <View
    style={
      Object {
        "backgroundColor": "white",
        "flexDirection": "row",
        "justifyContent": "space-around",
        "padding": 5,
      }
    }
  >
    <View
      accessible={true}
      collapsable={false}
      focusable={true}
      onBlur={[Function]}
      onClick={[Function]}
      onFocus={[Function]}
      onResponderGrant={[Function]}
      onResponderMove={[Function]}
      onResponderRelease={[Function]}
      onResponderTerminate={[Function]}
      onResponderTerminationRequest={[Function]}
      onStartShouldSetResponder={[Function]}
      style={
        Object {
          "flex": 0.2,
        }
      }
      testID="Pressable"
    >
      <Modal
        hardwareAccelerated={false}
        onRequestClose={[Function]}
        theme={
          Object {
            "colors": Object {
              "black": "#242424",
              "disabled": "hsl(208, 8%, 90%)",
              "divider": "#bcbbc1",
              "error": "#ff190c",
              "grey0": "#393e42",
              "grey1": "#43484d",
              "grey2": "#5e6977",
              "grey3": "#86939e",
              "grey4": "#bdc6cf",
              "grey5": "#e1e8ee",
              "greyOutline": "#bbb",
              "platform": Object {
                "android": Object {
                  "error": "#f44336",
                  "grey": "rgba(0, 0, 0, 0.54)",
                  "primary": "#2196f3",
                  "searchBg": "#dcdce1",
                  "secondary": "#9C27B0",
                  "success": "#4caf50",
                  "warning": "#ffeb3b",
                },
                "default": Object {
                  "error": "#ff3b30",
                  "grey": "#7d7d7d",
                  "primary": "#007aff",
                  "searchBg": "#dcdce1",
                  "secondary": "#5856d6",
                  "success": "#4cd964",
                  "warning": "#ffcc00",
                },
                "ios": Object {
                  "error": "#ff3b30",
                  "grey": "#7d7d7d",
                  "primary": "#007aff",
                  "searchBg": "#dcdce1",
                  "secondary": "#5856d6",
                  "success": "#4cd964",
                  "warning": "#ffcc00",
                },
                "web": Object {
                  "error": "#ff190c",
                  "grey": "#393e42",
                  "primary": "#2089dc",
                  "searchBg": "#303337",
                  "secondary": "#ca71eb",
                  "success": "#52c41a",
                  "warning": "#faad14",
                },
              },
              "primary": "#2089dc",
              "searchBg": "#303337",
              "secondary": "#ca71eb",
              "success": "#52c41a",
              "warning": "#faad14",
              "white": "#ffffff",
            },
          }
        }
        transparent={true}
        visible={false}
      />
      <View
        style={
          Object {
            "flexDirection": "column",
          }
        }
      >
        <Text
          style={
            Array [
              Object {
                "alignSelf": "center",
                "color": "#370617",
                "fontSize": 20,
                "fontWeight": "bold",
                "textAlign": "center",
              },
            ]
          }
        >
          911
        </Text>
      </View>
    </View>
    <View
      accessible={true}
      collapsable={false}
      focusable={true}
      onBlur={[Function]}
      onClick={[Function]}
      onFocus={[Function]}
      onResponderGrant={[Function]}
      onResponderMove={[Function]}
      onResponderRelease={[Function]}
      onResponderTerminate={[Function]}
      onResponderTerminationRequest={[Function]}
      onStartShouldSetResponder={[Function]}
      style={
        Object {
          "flex": 0.8,
          "flexDirection": "row",
          "justifyContent": "space-evenly",
        }
      }
      testID="Pressable"
    >
      <Modal
        hardwareAccelerated={false}
        onRequestClose={[Function]}
        theme={
          Object {
            "colors": Object {
              "black": "#242424",
              "disabled": "hsl(208, 8%, 90%)",
              "divider": "#bcbbc1",
              "error": "#ff190c",
              "grey0": "#393e42",
              "grey1": "#43484d",
              "grey2": "#5e6977",
              "grey3": "#86939e",
              "grey4": "#bdc6cf",
              "grey5": "#e1e8ee",
              "greyOutline": "#bbb",
              "platform": Object {
                "android": Object {
                  "error": "#f44336",
                  "grey": "rgba(0, 0, 0, 0.54)",
                  "primary": "#2196f3",
                  "searchBg": "#dcdce1",
                  "secondary": "#9C27B0",
                  "success": "#4caf50",
                  "warning": "#ffeb3b",
                },
                "default": Object {
                  "error": "#ff3b30",
                  "grey": "#7d7d7d",
                  "primary": "#007aff",
                  "searchBg": "#dcdce1",
                  "secondary": "#5856d6",
                  "success": "#4cd964",
                  "warning": "#ffcc00",
                },
                "ios": Object {
                  "error": "#ff3b30",
                  "grey": "#7d7d7d",
                  "primary": "#007aff",
                  "searchBg": "#dcdce1",
                  "secondary": "#5856d6",
                  "success": "#4cd964",
                  "warning": "#ffcc00",
                },
                "web": Object {
                  "error": "#ff190c",
                  "grey": "#393e42",
                  "primary": "#2089dc",
                  "searchBg": "#303337",
                  "secondary": "#ca71eb",
                  "success": "#52c41a",
                  "warning": "#faad14",
                },
              },
              "primary": "#2089dc",
              "searchBg": "#303337",
              "secondary": "#ca71eb",
              "success": "#52c41a",
              "warning": "#faad14",
              "white": "#ffffff",
            },
          }
        }
        transparent={true}
        visible={false}
      />
      <View
        style={
          Object {
            "flexDirection": "column",
          }
        }
      >
        <Text
          style={
            Object {
              "fontSize": 10,
              "textAlign": "center",
            }
          }
        />
        <View
          animated={true}
          animationConfig={
            Object {
              "bounciness": 0,
            }
          }
          animationType="spring"
          indeterminate={false}
          indeterminateAnimationDuration={1000}
          onLayout={[Function]}
          progress={0.2}
          style={
            Array [
              Object {
                "backgroundColor": undefined,
                "borderColor": "green",
                "borderRadius": 4,
                "borderWidth": 1,
                "overflow": "hidden",
                "width": 50,
              },
              undefined,
            ]
          }
          useNativeDriver={false}
        >
          <View
            collapsable={false}
            style={
              Object {
                "backgroundColor": "green",
                "height": 6,
                "transform": Array [
                  Object {
                    "translateX": 0,
                  },
                  Object {
                    "translateX": -19.2,
                  },
                  Object {
                    "scaleX": 0.20008,
                  },
                ],
              }
            }
          />
        </View>
        <Text
          style={
            Object {
              "textAlign": "center",
            }
          }
        >
          Arrived
        </Text>
      </View>
      <View
        style={
          Object {
            "flexDirection": "column",
          }
        }
      >
        <Text
          style={
            Object {
              "fontSize": 10,
              "textAlign": "center",
            }
          }
        />
        <View
          animated={true}
          animationConfig={
            Object {
              "bounciness": 0,
            }
          }
          animationType="spring"
          indeterminate={false}
          indeterminateAnimationDuration={1000}
          onLayout={[Function]}
          progress={0.2}
          style={
            Array [
              Object {
                "backgroundColor": undefined,
                "borderColor": "green",
                "borderRadius": 4,
                "borderWidth": 1,
                "overflow": "hidden",
                "width": 50,
              },
              undefined,
            ]
          }
          useNativeDriver={false}
        >
          <View
            collapsable={false}
            style={
              Object {
                "backgroundColor": "green",
                "height": 6,
                "transform": Array [
                  Object {
                    "translateX": 0,
                  },
                  Object {
                    "translateX": -19.2,
                  },
                  Object {
                    "scaleX": 0.20008,
                  },
                ],
              }
            }
          />
        </View>
        <Text
          style={
            Object {
              "textAlign": "center",
            }
          }
        >
          Arrived
        </Text>
      </View>
      <View
        style={
          Object {
            "flexDirection": "column",
          }
        }
      >
        <Text
          style={
            Object {
              "paddingTop": 8,
            }
          }
        >
          No Data
        </Text>
      </View>
    </View>
  </View>
  <View
    style={
      Object {
        "backgroundColor": "white",
        "flexDirection": "row",
        "justifyContent": "space-around",
        "padding": 5,
      }
    }
  >
    <View
      accessible={true}
      collapsable={false}
      focusable={true}
      onBlur={[Function]}
      onClick={[Function]}
      onFocus={[Function]}
      onResponderGrant={[Function]}
      onResponderMove={[Function]}
      onResponderRelease={[Function]}
      onResponderTerminate={[Function]}
      onResponderTerminationRequest={[Function]}
      onStartShouldSetResponder={[Function]}
      style={
        Object {
          "flex": 0.2,
        }
      }
      testID="Pressable"
    >
      <Modal
        hardwareAccelerated={false}
        onRequestClose={[Function]}
        theme={
          Object {
            "colors": Object {
              "black": "#242424",
              "disabled": "hsl(208, 8%, 90%)",
              "divider": "#bcbbc1",
              "error": "#ff190c",
              "grey0": "#393e42",
              "grey1": "#43484d",
              "grey2": "#5e6977",
              "grey3": "#86939e",
              "grey4": "#bdc6cf",
              "grey5": "#e1e8ee",
              "greyOutline": "#bbb",
              "platform": Object {
                "android": Object {
                  "error": "#f44336",
                  "grey": "rgba(0, 0, 0, 0.54)",
                  "primary": "#2196f3",
                  "searchBg": "#dcdce1",
                  "secondary": "#9C27B0",
                  "success": "#4caf50",
                  "warning": "#ffeb3b",
                },
                "default": Object {
                  "error": "#ff3b30",
                  "grey": "#7d7d7d",
                  "primary": "#007aff",
                  "searchBg": "#dcdce1",
                  "secondary": "#5856d6",
                  "success": "#4cd964",
                  "warning": "#ffcc00",
                },
                "ios": Object {
                  "error": "#ff3b30",
                  "grey": "#7d7d7d",
                  "primary": "#007aff",
                  "searchBg": "#dcdce1",
                  "secondary": "#5856d6",
                  "success": "#4cd964",
                  "warning": "#ffcc00",
                },
                "web": Object {
                  "error": "#ff190c",
                  "grey": "#393e42",
                  "primary": "#2089dc",
                  "searchBg": "#303337",
                  "secondary": "#ca71eb",
                  "success": "#52c41a",
                  "warning": "#faad14",
                },
              },
              "primary": "#2089dc",
              "searchBg": "#303337",
              "secondary": "#ca71eb",
              "success": "#52c41a",
              "warning": "#faad14",
              "white": "#ffffff",
            },
          }
        }
        transparent={true}
        visible={false}
      />
      <View
        style={
          Object {
            "flexDirection": "column",
          }
        }
      >
        <Text
          style={
            Array [
              Object {
                "alignSelf": "center",
                "color": "#370617",
                "fontSize": 20,
                "fontWeight": "bold",
                "textAlign": "center",
              },
            ]
          }
        >
          912
        </Text>
      </View>
    </View>
    <View
      accessible={true}
      collapsable={false}
      focusable={true}
      onBlur={[Function]}
      onClick={[Function]}
      onFocus={[Function]}
      onResponderGrant={[Function]}
      onResponderMove={[Function]}
      onResponderRelease={[Function]}
      onResponderTerminate={[Function]}
      onResponderTerminationRequest={[Function]}
      onStartShouldSetResponder={[Function]}
      style={
        Object {
          "flex": 0.8,
          "flexDirection": "row",
          "justifyContent": "space-evenly",
        }
      }
      testID="Pressable"
    >
      <Modal
        hardwareAccelerated={false}
        onRequestClose={[Function]}
        theme={
          Object {
            "colors": Object {
              "black": "#242424",
              "disabled": "hsl(208, 8%, 90%)",
              "divider": "#bcbbc1",
              "error": "#ff190c",
              "grey0": "#393e42",
              "grey1": "#43484d",
              "grey2": "#5e6977",
              "grey3": "#86939e",
              "grey4": "#bdc6cf",
              "grey5": "#e1e8ee",
              "greyOutline": "#bbb",
              "platform": Object {
                "android": Object {
                  "error": "#f44336",
                  "grey": "rgba(0, 0, 0, 0.54)",
                  "primary": "#2196f3",
                  "searchBg": "#dcdce1",
                  "secondary": "#9C27B0",
                  "success": "#4caf50",
                  "warning": "#ffeb3b",
                },
                "default": Object {
                  "error": "#ff3b30",
                  "grey": "#7d7d7d",
                  "primary": "#007aff",
                  "searchBg": "#dcdce1",
                  "secondary": "#5856d6",
                  "success": "#4cd964",
                  "warning": "#ffcc00",
                },
                "ios": Object {
                  "error": "#ff3b30",
                  "grey": "#7d7d7d",
                  "primary": "#007aff",
                  "searchBg": "#dcdce1",
                  "secondary": "#5856d6",
                  "success": "#4cd964",
                  "warning": "#ffcc00",
                },
                "web": Object {
                  "error": "#ff190c",
                  "grey": "#393e42",
                  "primary": "#2089dc",
                  "searchBg": "#303337",
                  "secondary": "#ca71eb",
                  "success": "#52c41a",
                  "warning": "#faad14",
                },
              },
              "primary": "#2089dc",
              "searchBg": "#303337",
              "secondary": "#ca71eb",
              "success": "#52c41a",
              "warning": "#faad14",
              "white": "#ffffff",
            },
          }
        }
        transparent={true}
        visible={false}
      />
      <View
        style={
          Object {
            "flexDirection": "column",
          }
        }
      >
        <Text
          style={
            Object {
              "fontSize": 10,
              "textAlign": "center",
            }
          }
        />
        <View
          animated={true}
          animationConfig={
            Object {
              "bounciness": 0,
            }
          }
          animationType="spring"
          indeterminate={false}
          indeterminateAnimationDuration={1000}
          onLayout={[Function]}
          progress={0.2}
          style={
            Array [
              Object {
                "backgroundColor": undefined,
                "borderColor": "green",
                "borderRadius": 4,
                "borderWidth": 1,
                "overflow": "hidden",
                "width": 50,
              },
              undefined,
            ]
          }
          useNativeDriver={false}
        >
          <View
            collapsable={false}
            style={
              Object {
                "backgroundColor": "green",
                "height": 6,
                "transform": Array [
                  Object {
                    "translateX": 0,
                  },
                  Object {
                    "translateX": -19.2,
                  },
                  Object {
                    "scaleX": 0.20008,
                  },
                ],
              }
            }
          />
        </View>
        <Text
          style={
            Object {
              "textAlign": "center",
            }
          }
        >
          Arrived
        </Text>
      </View>
      <View
        style={
          Object {
            "flexDirection": "column",
          }
        }
      >
        <Text
          style={
            Object {
              "fontSize": 10,
              "textAlign": "center",
            }
          }
        />
        <View
          animated={true}
          animationConfig={
            Object {
              "bounciness": 0,
            }
          }
          animationType="spring"
          indeterminate={false}
          indeterminateAnimationDuration={1000}
          onLayout={[Function]}
          progress={0.2}
          style={
            Array [
              Object {
                "backgroundColor": undefined,
                "borderColor": "green",
                "borderRadius": 4,
                "borderWidth": 1,
                "overflow": "hidden",
                "width": 50,
              },
              undefined,
            ]
          }
          useNativeDriver={false}
        >
          <View
            collapsable={false}
            style={
              Object {
                "backgroundColor": "green",
                "height": 6,
                "transform": Array [
                  Object {
                    "translateX": 0,
                  },
                  Object {
                    "translateX": -19.2,
                  },
                  Object {
                    "scaleX": 0.20008,
                  },
                ],
              }
            }
          />
        </View>
        <Text
          style={
            Object {
              "textAlign": "center",
            }
          }
        >
          Arrived
        </Text>
      </View>
      <View
        style={
          Object {
            "flexDirection": "column",
          }
        }
      >
        <Text
          style={
            Object {
              "paddingTop": 8,
            }
          }
        >
          No Data
        </Text>
      </View>
    </View>
  </View>
</View>
`;
